
def foo():
    """Hi!"""
    print('Hello World')
